// Jest Snapshot v1, https://goo.gl/fbAQLP

exports[`matches snapshot 1`] = `
<DocumentFragment>
  .c0 {
  color: #707070;
}

<time
    class="c0"
    datetime="2020-01-01"
  >
    January 1, 2020
  </time>
</DocumentFragment>
`;
