// Jest Snapshot v1, https://goo.gl/fbAQLP

exports[`matches snapshot in dark mode 1`] = `
<DocumentFragment>
  .c2 {
  position: absolute;
  height: 0;
  width: 0;
  visibility: hidden;
}

.c4 {
  display: -webkit-box;
  display: -webkit-flex;
  display: -ms-flexbox;
  display: flex;
  -webkit-align-items: center;
  -webkit-box-align: center;
  -ms-flex-align: center;
  align-items: center;
  -webkit-box-pack: justify;
  -webkit-justify-content: space-between;
  -ms-flex-pack: justify;
  justify-content: space-between;
  position: relative;
  margin-bottom: 32px;
  cursor: pointer;
  border-radius: 65px;
  width: 65px;
  height: 32px;
  background: #586693;
}

.c6 {
  content: '';
  position: absolute;
  top: 2px;
  left: 2px;
  border-radius: 28px;
  width: 28px;
  height: 28px;
  background: #f6f5f4;
  box-shadow: 0 0 2px 0 rgba(10,10,10,0.29);
  -webkit-transition: 0.2s;
  transition: 0.2s;
}

.c1:checked + .c3 .c5 {
  left: calc(100% - 2px);
  -webkit-transform: translateX(-100%);
  -ms-transform: translateX(-100%);
  transform: translateX(-100%);
}

.c0 {
  max-width: 768px;
  padding: 0 16px;
  margin: 48px auto 96px;
}

.c0 a {
  color: #586693;
}

.c0 a:hover {
  -webkit-text-decoration: underline;
  text-decoration: underline;
}

.c0 img {
  max-width: 100%;
  display: block;
}

<div
    class="c0"
  >
    <input
      checked=""
      class="c1 c2"
      id="checkbox"
      type="checkbox"
    />
    <label
      class="c3 c4"
      data-testid="label-checkbox"
      for="checkbox"
      tabindex="0"
    >
      <span
        class="c5 c6"
      />
    </label>
    <main />
  </div>
</DocumentFragment>
`;
