// Jest Snapshot v1, https://goo.gl/fbAQLP

exports[`matches snapshot 1`] = `
<DocumentFragment>
  <svg
    height="16"
    viewBox="0 0 24 24"
    width="16"
    xmlns="http://www.w3.org/2000/svg"
  >
    <path
      d="M21 21l-6-6m2-5a7 7 0 11-14 0 7 7 0 0114 0z"
      stroke-linecap="round"
      stroke-linejoin="round"
      stroke-width="2"
    />
  </svg>
</DocumentFragment>
`;
