// Jest Snapshot v1, https://goo.gl/fbAQLP

exports[`matches snapshot 1`] = `
<DocumentFragment>
  <svg
    aria-hidden="true"
    fill="none"
    height="40"
    stroke="currentColor"
    stroke-linecap="round"
    stroke-linejoin="round"
    stroke-width="2"
    viewBox="0 0 24 24"
    width="40"
    xmlns="http://www.w3.org/2000/svg"
  >
    <title>
      RSS feed
    </title>
    <path
      d="M4 4a16 16 0 0 1 16 16"
    />
    <path
      d="M4 11a9 9 0 0 1 9 9"
    />
    <circle
      cx="5"
      cy="19"
      r="1"
    />
  </svg>
</DocumentFragment>
`;
