// Jest Snapshot v1, https://goo.gl/fbAQLP

exports[`matches snapshot 1`] = `
<DocumentFragment>
  .c1 {
  position: absolute;
  height: 0;
  width: 0;
  visibility: hidden;
}

.c0:checked + .c2 .c3 {
  left: calc(100% - 2px);
  -webkit-transform: translateX(-100%);
  -ms-transform: translateX(-100%);
  transform: translateX(-100%);
}

<input
    checked=""
    class="c0 c1"
    id="checkbox"
    type="checkbox"
  />
  .c1 {
  display: -webkit-box;
  display: -webkit-flex;
  display: -ms-flexbox;
  display: flex;
  -webkit-align-items: center;
  -webkit-box-align: center;
  -ms-flex-align: center;
  align-items: center;
  -webkit-box-pack: justify;
  -webkit-justify-content: space-between;
  -ms-flex-pack: justify;
  justify-content: space-between;
  position: relative;
  margin-bottom: 32px;
  cursor: pointer;
  border-radius: 65px;
  width: 65px;
  height: 32px;
  background: #586693;
  -webkit-transition: background-color 0.2s;
  transition: background-color 0.2s;
}

.c3 {
  content: '';
  position: absolute;
  top: 2px;
  left: 2px;
  border-radius: 28px;
  width: 28px;
  height: 28px;
  -webkit-transition: 0.2s;
  transition: 0.2s;
  background: #f6f5f4;
  box-shadow: 0 0 2px 0 rgba(10,10,10,0.29);
}

.c0:active .c2 {
  width: 33px;
}

.c4:checked + .c0 .c2 {
  left: calc(100% - 2px);
  -webkit-transform: translateX(-100%);
  -ms-transform: translateX(-100%);
  transform: translateX(-100%);
}

<label
    class="c0 c1"
    data-testid="label-checkbox"
    for="checkbox"
    tabindex="0"
  >
    <span
      class="c2 c3"
    />
  </label>
</DocumentFragment>
`;
