// Jest Snapshot v1, https://goo.gl/fbAQLP

exports[`matches snapshot 1`] = `
<DocumentFragment>
  <svg
    aria-hidden="true"
    fill="none"
    height="40"
    stroke="currentColor"
    stroke-linecap="round"
    stroke-linejoin="round"
    stroke-width="2"
    viewBox="0 0 24 24"
    width="40"
    xmlns="http://www.w3.org/2000/svg"
  >
    <title>
      Contact me by email
    </title>
    <path
      d="M4 4h16c1.1 0 2 .9 2 2v12c0 1.1-.9 2-2 2H4c-1.1 0-2-.9-2-2V6c0-1.1.9-2 2-2z"
    />
    <polyline
      points="22,6 12,13 2,6"
    />
  </svg>
</DocumentFragment>
`;
